package normal

// want "^removing$"
// want "^removing$"
