package normalpkg

// want "^removing$"
// want "^removing$"
